// Jest Snapshot v1, https://goo.gl/fbAQLP

exports[`LambdaConfig 1`] = `
{
  "Resources": {
    "Fn9270CBC0": {
      "DependsOn": [
        "FnServiceRoleB9001A96",
      ],
      "Properties": {
        "Code": Any<Object>,
        "Handler": "index.handler",
        "Role": {
          "Fn::GetAtt": [
            "FnServiceRoleB9001A96",
            "Arn",
          ],
        },
        "Runtime": "nodejs16.x",
      },
      "Type": "AWS::Lambda::Function",
    },
    "FnServiceRoleB9001A96": {
      "Properties": {
        "AssumeRolePolicyDocument": {
          "Statement": [
            {
              "Action": "sts:AssumeRole",
              "Effect": "Allow",
              "Principal": {
                "Service": "lambda.amazonaws.com",
              },
            },
          ],
          "Version": "2012-10-17",
        },
        "ManagedPolicyArns": [
          {
            "Fn::Join": [
              "",
              [
                "arn:",
                {
                  "Ref": "AWS::Partition",
                },
                ":iam::aws:policy/service-role/AWSLambdaBasicExecutionRole",
              ],
            ],
          },
        ],
      },
      "Type": "AWS::IAM::Role",
    },
    "LambdaConfig0334D595": {
      "DeletionPolicy": "Delete",
      "Properties": {
        "Config": {
          "Deep": {
            "ObjectKey": "Hello world",
          },
          "My": "value",
        },
        "FunctionArn": {
          "Fn::GetAtt": [
            "Fn9270CBC0",
            "Arn",
          ],
        },
        "Nonce": "",
        "ServiceToken": {
          "Fn::GetAtt": [
            "henristlambdaconfigproviderProviderframeworkonEventB2FC78D4",
            "Arn",
          ],
        },
      },
      "Type": "AWS::CloudFormation::CustomResource",
      "UpdateReplacePolicy": "Delete",
    },
    "henristlambdaconfigproviderProviderframeworkonEventB2FC78D4": {
      "DependsOn": [
        "henristlambdaconfigproviderProviderframeworkonEventServiceRoleDefaultPolicy3D96FE9E",
        "henristlambdaconfigproviderProviderframeworkonEventServiceRole9AA104AD",
      ],
      "Properties": {
        "Code": Any<Object>,
        "Description": "AWS CDK resource provider framework - onEvent (Stack/henrist.lambda-config.provider/Provider)",
        "Environment": {
          "Variables": {
            "USER_ON_EVENT_FUNCTION_ARN": {
              "Fn::GetAtt": [
                "henristlambdaconfigproviderUpdateCodeFnBF8DF66B",
                "Arn",
              ],
            },
          },
        },
        "Handler": "framework.onEvent",
        "Role": {
          "Fn::GetAtt": [
            "henristlambdaconfigproviderProviderframeworkonEventServiceRole9AA104AD",
            "Arn",
          ],
        },
        "Runtime": "nodejs14.x",
        "Timeout": 900,
      },
      "Type": "AWS::Lambda::Function",
    },
    "henristlambdaconfigproviderProviderframeworkonEventServiceRole9AA104AD": {
      "Properties": {
        "AssumeRolePolicyDocument": {
          "Statement": [
            {
              "Action": "sts:AssumeRole",
              "Effect": "Allow",
              "Principal": {
                "Service": "lambda.amazonaws.com",
              },
            },
          ],
          "Version": "2012-10-17",
        },
        "ManagedPolicyArns": [
          {
            "Fn::Join": [
              "",
              [
                "arn:",
                {
                  "Ref": "AWS::Partition",
                },
                ":iam::aws:policy/service-role/AWSLambdaBasicExecutionRole",
              ],
            ],
          },
        ],
      },
      "Type": "AWS::IAM::Role",
    },
    "henristlambdaconfigproviderProviderframeworkonEventServiceRoleDefaultPolicy3D96FE9E": {
      "Properties": {
        "PolicyDocument": {
          "Statement": [
            {
              "Action": "lambda:InvokeFunction",
              "Effect": "Allow",
              "Resource": [
                {
                  "Fn::GetAtt": [
                    "henristlambdaconfigproviderUpdateCodeFnBF8DF66B",
                    "Arn",
                  ],
                },
                {
                  "Fn::Join": [
                    "",
                    [
                      {
                        "Fn::GetAtt": [
                          "henristlambdaconfigproviderUpdateCodeFnBF8DF66B",
                          "Arn",
                        ],
                      },
                      ":*",
                    ],
                  ],
                },
              ],
            },
          ],
          "Version": "2012-10-17",
        },
        "PolicyName": "henristlambdaconfigproviderProviderframeworkonEventServiceRoleDefaultPolicy3D96FE9E",
        "Roles": [
          {
            "Ref": "henristlambdaconfigproviderProviderframeworkonEventServiceRole9AA104AD",
          },
        ],
      },
      "Type": "AWS::IAM::Policy",
    },
    "henristlambdaconfigproviderUpdateCodeFnBF8DF66B": {
      "DependsOn": [
        "henristlambdaconfigproviderUpdateCodeFnServiceRoleDefaultPolicyE51A664A",
        "henristlambdaconfigproviderUpdateCodeFnServiceRole2FF24712",
      ],
      "Properties": {
        "Code": Any<Object>,
        "Handler": "index.handler",
        "Role": {
          "Fn::GetAtt": [
            "henristlambdaconfigproviderUpdateCodeFnServiceRole2FF24712",
            "Arn",
          ],
        },
        "Runtime": "nodejs18.x",
        "Timeout": 10,
      },
      "Type": "AWS::Lambda::Function",
    },
    "henristlambdaconfigproviderUpdateCodeFnServiceRole2FF24712": {
      "Properties": {
        "AssumeRolePolicyDocument": {
          "Statement": [
            {
              "Action": "sts:AssumeRole",
              "Effect": "Allow",
              "Principal": {
                "Service": "lambda.amazonaws.com",
              },
            },
          ],
          "Version": "2012-10-17",
        },
        "ManagedPolicyArns": [
          {
            "Fn::Join": [
              "",
              [
                "arn:",
                {
                  "Ref": "AWS::Partition",
                },
                ":iam::aws:policy/service-role/AWSLambdaBasicExecutionRole",
              ],
            ],
          },
        ],
      },
      "Type": "AWS::IAM::Role",
    },
    "henristlambdaconfigproviderUpdateCodeFnServiceRoleDefaultPolicyE51A664A": {
      "Properties": {
        "PolicyDocument": {
          "Statement": [
            {
              "Action": [
                "lambda:GetFunction",
                "lambda:UpdateFunctionCode",
              ],
              "Effect": "Allow",
              "Resource": "*",
            },
          ],
          "Version": "2012-10-17",
        },
        "PolicyName": "henristlambdaconfigproviderUpdateCodeFnServiceRoleDefaultPolicyE51A664A",
        "Roles": [
          {
            "Ref": "henristlambdaconfigproviderUpdateCodeFnServiceRole2FF24712",
          },
        ],
      },
      "Type": "AWS::IAM::Policy",
    },
  },
}
`;
